0 verbose cli C:\Program Files\nodejs\node.exe C:\Program Files\nodejs\node_modules\npm\bin\npm-cli.js
1 info using npm@10.9.2
2 info using node@v22.14.0
3 silly config load:file:C:\Program Files\nodejs\node_modules\npm\npmrc
4 silly config load:file:C:\Users\Admin\Downloads\K4-Hackathon-Ricons-D304\codebase\.npmrc
5 silly config load:file:C:\Users\Admin\.npmrc
6 silly config load:file:C:\Users\Admin\AppData\Roaming\npm\etc\npmrc
7 verbose title npm install
8 verbose argv "install" "--package-lock-only" "--ignore-scripts" "--offline" "--no-audit" "--no-fund"
9 verbose logfile logs-max:10 dir:C:\Users\Admin\Downloads\K4-Hackathon-Ricons-D304\codebase\.npm-cache\_logs\2026-07-30T09_29_50_526Z-
10 verbose logfile C:\Users\Admin\Downloads\K4-Hackathon-Ricons-D304\codebase\.npm-cache\_logs\2026-07-30T09_29_50_526Z-debug-0.log
11 silly logfile done cleaning log files
12 silly packumentCache heap:2197815296 maxSize:549453824 maxEntrySize:274726912
13 silly idealTree buildDeps
14 http fetch GET https://registry.npmjs.org/npm attempt 1 failed with EACCES
15 verbose cwd C:\Users\Admin\Downloads\K4-Hackathon-Ricons-D304\codebase
16 verbose os Windows_NT 10.0.26200
17 verbose node v22.14.0
18 verbose npm  v10.9.2
19 verbose exit 0
20 info ok
